Usage: abeep [OPTION]... 
-d       use a specific PCM device
-f       beep's frequency in Hz (min 40.00, max 16000.00 Hz)
-r       audio stream rate in Hz (min 4000, max 96000 Hz)
-l       beep's duration in ms (min 20, max 3600000 ms)
-s       process input and beep on every string
-i       display device and program information
-v       run in verbose mode
-h       print help
-V       display version information
